[2025-12-07 17:43:07.567] === IncomingCall Method Started ===
[2025-12-07 17:43:07.581] --- Twilio Configuration ---
[2025-12-07 17:43:07.595] AccountSid: ACec...34a0
[2025-12-07 17:43:07.600] ApiKeySid: SK38...a3dd
[2025-12-07 17:43:07.600] ApiKeySecret: bqok...CW1C
[2025-12-07 17:43:07.601] VoiceTwimlAppSid: APaa0b184cc06fd3b7a1642e79703d48c4
[2025-12-07 17:43:07.601] CallerId: +16574675972
[2025-12-07 17:43:07.602] WebhookAuthToken: d5e3...a5a8
[2025-12-07 17:43:07.608] --- End Configuration ---
[2025-12-07 17:43:07.610] --- Request Headers ---
[2025-12-07 17:43:07.610] Accept: */*
[2025-12-07 17:43:07.613] Connection: close
[2025-12-07 17:43:07.613] Content-Length: 793
[2025-12-07 17:43:07.616] Content-Type: application/x-www-form-urlencoded; charset=UTF-8
[2025-12-07 17:43:07.617] Host: callcenter.ink
[2025-12-07 17:43:07.618] User-Agent: TwilioProxy/1.1
[2025-12-07 17:43:07.618] X-Twilio-Service-Flow-Event: %7B%22flow_id%22%3A%22RQa79d3f4ebd944197388710b5364abb57%22%2C%22type%22%3A%22api_event%22%2C%22action%22%3A%22twiml_fetch%22%2C%22sub_action%22%3A%22completed%22%2C%22result%22%3A%22success%22%2C%22metadata%22%3A%7B%22transfer_type%22%3A%22call_transfer_url%22%7D%7D
[2025-12-07 17:43:07.622] I-Twilio-Idempotency-Token: 3f8217b6-e494-42a9-887f-8590a5992a3b
[2025-12-07 17:43:07.623] X-Twilio-Signature: 2oNrWxJ2I34YpuXyxiLMD7jXVUk=
[2025-12-07 17:43:07.623] X-Home-Region: us1
[2025-12-07 17:43:07.624] --- Request Body ---
[2025-12-07 17:43:07.625] Called: +16574675972
[2025-12-07 17:43:07.627] ToState: CA
[2025-12-07 17:43:07.628] CallerCountry: SA
[2025-12-07 17:43:07.630] Direction: inbound
[2025-12-07 17:43:07.632] CallerState: 
[2025-12-07 17:43:07.635] ToZip: 
[2025-12-07 17:43:07.636] CallSid: CAa2dc7081825d663d6928ac78ff0fa790
[2025-12-07 17:43:07.640] To: +16574675972
[2025-12-07 17:43:07.640] CallerZip: 
[2025-12-07 17:43:07.642] ToCountry: US
[2025-12-07 17:43:07.644] CallToken: %7B%22parentCallInfoToken%22%3A%22eyJhbGciOiJFUzI1NiJ9.eyJjYWxsU2lkIjoiQ0FhMmRjNzA4MTgyNWQ2NjNkNjkyOGFjNzhmZjBmYTc5MCIsImZyb20iOiIrOTY2NTQ2NjUyNDEwIiwidG8iOiIrMTY1NzQ2NzU5NzIiLCJpYXQiOiIxNzY1MTI5Mzg3In0.2lSFs-uarOjSy14rkCGpWIDe90zYQJk42ra4gjUkIneVXF34N9JZFUcRaOjzLQfS6ELlFW4VHJLIX6jBckLd6Q%22%2C%22identityHeaderTokens%22%3A%5B%5D%7D
[2025-12-07 17:43:07.646] CalledZip: 
[2025-12-07 17:43:07.648] ApiVersion: 2010-04-01
[2025-12-07 17:43:07.649] CalledCity: 
[2025-12-07 17:43:07.652] CallStatus: ringing
[2025-12-07 17:43:07.653] From: +966546652410
[2025-12-07 17:43:07.656] AccountSid: REDACTED_ACCOUNT_SID
[2025-12-07 17:43:07.657] CalledCountry: US
[2025-12-07 17:43:07.658] CallerCity: 
[2025-12-07 17:43:07.662] ToCity: 
[2025-12-07 17:43:07.662] FromCountry: SA
[2025-12-07 17:43:07.664] Caller: +966546652410
[2025-12-07 17:43:07.667] FromCity: 
[2025-12-07 17:43:07.668] CalledState: CA
[2025-12-07 17:43:07.668] FromZip: 
[2025-12-07 17:43:07.671] FromState: 
[2025-12-07 17:43:07.673] --- End Request Data ---
[2025-12-07 17:43:07.675] Validating signature for URL: https://callcenter.ink/api/twilio/voice/incoming
[2025-12-07 17:43:07.677] Twilio Signature: 2oNrWxJ2I34YpuXyxiLMD7jXVUk=
[2025-12-07 17:43:07.678] WebhookAuthToken (first 4 chars): d5e3
[2025-12-07 17:43:07.679] Form Keys: Called, ToState, CallerCountry, Direction, CallerState, ToZip, CallSid, To, CallerZip, ToCountry, CallToken, CalledZip, ApiVersion, CalledCity, CallStatus, From, AccountSid, CalledCountry, CallerCity, ToCity, FromCountry, Caller, FromCity, CalledState, FromZip, FromState
[2025-12-07 17:43:07.682] Incoming call - From: +966546652410, To: +16574675972, CallSid: CAa2dc7081825d663d6928ac78ff0fa790, Status: ringing
[2025-12-07 17:43:07.682] Creating call log in database for CallSid: CAa2dc7081825d663d6928ac78ff0fa790
[2025-12-07 17:43:07.692] Call log created with ID: a9403434-fd8f-4f83-957f-325290f2a792
[2025-12-07 17:43:07.693] Broadcasting CallCreated event via SignalR for CallSid: CAa2dc7081825d663d6928ac78ff0fa790
[2025-12-07 17:43:07.693] Selecting available agent for call routing...
[2025-12-07 17:43:07.704] Assigned call to agent: OmarZahra (omar.zahra@callcenter.com)
[2025-12-07 17:43:07.705] Returning TwiML response - dialing agent's browser at omar.zahra@callcenter.com
[2025-12-07 17:43:07.705] Sent IncomingCall notification to agent 11111111-1111-1111-1111-111111111111
[2025-12-07 17:43:07.706] === IncomingCall Method Completed Successfully ===
